Info: Starting: Create block symbol file (.bsf)
Info: qsys-generate /home/daniel/Desktop/fpgaMotorControl/HPS_CONTROL_FPGA_LED/soc_system.qsys --block-symbol-file --output-directory=/home/daniel/Desktop/fpgaMotorControl/HPS_CONTROL_FPGA_LED/soc_system --family="Cyclone V" --part=5CSEMA4U23C6
Progress: Loading HPS_CONTROL_FPGA_LED/soc_system.qsys
Progress: Reading input file
Progress: Adding adc_0 [altera_up_avalon_adc 17.0]
Progress: Parameterizing module adc_0
Progress: Adding button_pio [altera_avalon_pio 17.0]
Progress: Parameterizing module button_pio
Progress: Adding clk_0 [clock_source 17.0]
Progress: Parameterizing module clk_0
Progress: Adding dipsw_pio [altera_avalon_pio 17.0]
Progress: Parameterizing module dipsw_pio
Progress: Adding e_stop [altera_avalon_pio 17.0]
Progress: Parameterizing module e_stop
Progress: Adding fpga_only_master [altera_jtag_avalon_master 17.0]
Progress: Parameterizing module fpga_only_master
Progress: Adding gpio_pio_0 [altera_avalon_pio 17.0]
Progress: Parameterizing module gpio_pio_0
Progress: Adding gpio_pio_1 [altera_avalon_pio 17.0]
Progress: Parameterizing module gpio_pio_1
Progress: Adding heartbeat [altera_avalon_pio 17.0]
Progress: Parameterizing module heartbeat
Progress: Adding hps_0 [altera_hps 17.0]
Progress: Parameterizing module hps_0
Progress: Adding hps_only_master [altera_jtag_avalon_master 17.0]
Progress: Parameterizing module hps_only_master
Progress: Adding intr_capturer_0 [intr_capturer 100.99.98.97]
Progress: Parameterizing module intr_capturer_0
Progress: Adding jtag_uart [altera_avalon_jtag_uart 17.0]
Progress: Parameterizing module jtag_uart
Progress: Adding led_pio [altera_avalon_pio 17.0]
Progress: Parameterizing module led_pio
Progress: Adding limit_pio [altera_avalon_pio 17.0]
Progress: Parameterizing module limit_pio
Progress: Adding onchip_memory2_0 [altera_avalon_onchip_memory2 17.0]
Progress: Parameterizing module onchip_memory2_0
Progress: Adding pid_correction_pio_0 [altera_avalon_pio 17.0]
Progress: Parameterizing module pid_correction_pio_0
Progress: Adding pid_correction_pio_1 [altera_avalon_pio 17.0]
Progress: Parameterizing module pid_correction_pio_1
Progress: Adding pid_correction_pio_2 [altera_avalon_pio 17.0]
Progress: Parameterizing module pid_correction_pio_2
Progress: Adding pid_correction_pio_3 [altera_avalon_pio 17.0]
Progress: Parameterizing module pid_correction_pio_3
Progress: Adding pid_correction_pio_4 [altera_avalon_pio 17.0]
Progress: Parameterizing module pid_correction_pio_4
Progress: Adding pid_correction_pio_5 [altera_avalon_pio 17.0]
Progress: Parameterizing module pid_correction_pio_5
Progress: Adding pid_correction_pio_6 [altera_avalon_pio 17.0]
Progress: Parameterizing module pid_correction_pio_6
Progress: Adding pid_correction_pio_7 [altera_avalon_pio 17.0]
Progress: Parameterizing module pid_correction_pio_7
Progress: Adding pid_error_pio_0 [altera_avalon_pio 17.0]
Progress: Parameterizing module pid_error_pio_0
Progress: Adding pid_error_pio_1 [altera_avalon_pio 17.0]
Progress: Parameterizing module pid_error_pio_1
Progress: Adding pid_error_pio_2 [altera_avalon_pio 17.0]
Progress: Parameterizing module pid_error_pio_2
Progress: Adding pid_error_pio_3 [altera_avalon_pio 17.0]
Progress: Parameterizing module pid_error_pio_3
Progress: Adding pid_error_pio_4 [altera_avalon_pio 17.0]
Progress: Parameterizing module pid_error_pio_4
Progress: Adding pid_error_pio_5 [altera_avalon_pio 17.0]
Progress: Parameterizing module pid_error_pio_5
Progress: Adding pid_error_pio_6 [altera_avalon_pio 17.0]
Progress: Parameterizing module pid_error_pio_6
Progress: Adding pid_error_pio_7 [altera_avalon_pio 17.0]
Progress: Parameterizing module pid_error_pio_7
Progress: Adding pid_values_pio [altera_avalon_pio 17.0]
Progress: Parameterizing module pid_values_pio
Progress: Adding pwm_pio_0 [altera_avalon_pio 17.0]
Progress: Parameterizing module pwm_pio_0
Progress: Adding pwm_pio_1 [altera_avalon_pio 17.0]
Progress: Parameterizing module pwm_pio_1
Progress: Adding pwm_pio_2 [altera_avalon_pio 17.0]
Progress: Parameterizing module pwm_pio_2
Progress: Adding pwm_pio_3 [altera_avalon_pio 17.0]
Progress: Parameterizing module pwm_pio_3
Progress: Adding pwm_pio_4 [altera_avalon_pio 17.0]
Progress: Parameterizing module pwm_pio_4
Progress: Adding pwm_pio_5 [altera_avalon_pio 17.0]
Progress: Parameterizing module pwm_pio_5
Progress: Adding pwm_pio_6 [altera_avalon_pio 17.0]
Progress: Parameterizing module pwm_pio_6
Progress: Adding pwm_pio_7 [altera_avalon_pio 17.0]
Progress: Parameterizing module pwm_pio_7
Progress: Adding quad_pio_0 [altera_avalon_pio 17.0]
Progress: Parameterizing module quad_pio_0
Progress: Adding quad_pio_1 [altera_avalon_pio 17.0]
Progress: Parameterizing module quad_pio_1
Progress: Adding quad_pio_10 [altera_avalon_pio 17.0]
Progress: Parameterizing module quad_pio_10
Progress: Adding quad_pio_11 [altera_avalon_pio 17.0]
Progress: Parameterizing module quad_pio_11
Progress: Adding quad_pio_2 [altera_avalon_pio 17.0]
Progress: Parameterizing module quad_pio_2
Progress: Adding quad_pio_3 [altera_avalon_pio 17.0]
Progress: Parameterizing module quad_pio_3
Progress: Adding quad_pio_4 [altera_avalon_pio 17.0]
Progress: Parameterizing module quad_pio_4
Progress: Adding quad_pio_5 [altera_avalon_pio 17.0]
Progress: Parameterizing module quad_pio_5
Progress: Adding quad_pio_6 [altera_avalon_pio 17.0]
Progress: Parameterizing module quad_pio_6
Progress: Adding quad_pio_7 [altera_avalon_pio 17.0]
Progress: Parameterizing module quad_pio_7
Progress: Adding quad_pio_8 [altera_avalon_pio 17.0]
Progress: Parameterizing module quad_pio_8
Progress: Adding quad_pio_9 [altera_avalon_pio 17.0]
Progress: Parameterizing module quad_pio_9
Progress: Adding quad_reset_pio [altera_avalon_pio 17.0]
Progress: Parameterizing module quad_reset_pio
Progress: Adding sysid_qsys [altera_avalon_sysid_qsys 17.0]
Progress: Parameterizing module sysid_qsys
Progress: Building connections
Progress: Parameterizing connections
Progress: Validating
Progress: Done reading input file
Info: soc_system.button_pio: PIO inputs are not hardwired in test bench. Undefined values will be read from PIO inputs during simulation.
Info: soc_system.dipsw_pio: PIO inputs are not hardwired in test bench. Undefined values will be read from PIO inputs during simulation.
Info: soc_system.e_stop: PIO inputs are not hardwired in test bench. Undefined values will be read from PIO inputs during simulation.
Info: soc_system.hps_0: HPS Main PLL counter settings: n = 0  m = 73
Info: soc_system.hps_0: HPS peripherial PLL counter settings: n = 0  m = 39
Warning: soc_system.hps_0: "Configuration/HPS-to-FPGA user 0 clock frequency" (desired_cfg_clk_mhz) requested 100.0 MHz, but only achieved 97.368421 MHz
Warning: soc_system.hps_0: 1 or more output clock frequencies cannot be achieved precisely, consider revising desired output clock frequencies.
Info: soc_system.jtag_uart: JTAG UART IP input clock need to be at least double (2x) the operating frequency of JTAG TCK on board
Info: soc_system.limit_pio: PIO inputs are not hardwired in test bench. Undefined values will be read from PIO inputs during simulation.
Info: soc_system.pid_correction_pio_0: PIO inputs are not hardwired in test bench. Undefined values will be read from PIO inputs during simulation.
Info: soc_system.pid_correction_pio_1: PIO inputs are not hardwired in test bench. Undefined values will be read from PIO inputs during simulation.
Info: soc_system.pid_correction_pio_2: PIO inputs are not hardwired in test bench. Undefined values will be read from PIO inputs during simulation.
Info: soc_system.pid_correction_pio_3: PIO inputs are not hardwired in test bench. Undefined values will be read from PIO inputs during simulation.
Info: soc_system.pid_correction_pio_4: PIO inputs are not hardwired in test bench. Undefined values will be read from PIO inputs during simulation.
Info: soc_system.pid_correction_pio_5: PIO inputs are not hardwired in test bench. Undefined values will be read from PIO inputs during simulation.
Info: soc_system.pid_correction_pio_6: PIO inputs are not hardwired in test bench. Undefined values will be read from PIO inputs during simulation.
Info: soc_system.pid_correction_pio_7: PIO inputs are not hardwired in test bench. Undefined values will be read from PIO inputs during simulation.
Info: soc_system.quad_pio_0: PIO inputs are not hardwired in test bench. Undefined values will be read from PIO inputs during simulation.
Info: soc_system.quad_pio_1: PIO inputs are not hardwired in test bench. Undefined values will be read from PIO inputs during simulation.
Info: soc_system.quad_pio_10: PIO inputs are not hardwired in test bench. Undefined values will be read from PIO inputs during simulation.
Info: soc_system.quad_pio_11: PIO inputs are not hardwired in test bench. Undefined values will be read from PIO inputs during simulation.
Info: soc_system.quad_pio_2: PIO inputs are not hardwired in test bench. Undefined values will be read from PIO inputs during simulation.
Info: soc_system.quad_pio_3: PIO inputs are not hardwired in test bench. Undefined values will be read from PIO inputs during simulation.
Info: soc_system.quad_pio_4: PIO inputs are not hardwired in test bench. Undefined values will be read from PIO inputs during simulation.
Info: soc_system.quad_pio_5: PIO inputs are not hardwired in test bench. Undefined values will be read from PIO inputs during simulation.
Info: soc_system.quad_pio_6: PIO inputs are not hardwired in test bench. Undefined values will be read from PIO inputs during simulation.
Info: soc_system.quad_pio_7: PIO inputs are not hardwired in test bench. Undefined values will be read from PIO inputs during simulation.
Info: soc_system.quad_pio_8: PIO inputs are not hardwired in test bench. Undefined values will be read from PIO inputs during simulation.
Info: soc_system.quad_pio_9: PIO inputs are not hardwired in test bench. Undefined values will be read from PIO inputs during simulation.
Info: soc_system.sysid_qsys: System ID is not assigned automatically. Edit the System ID parameter to provide a unique ID
Info: soc_system.sysid_qsys: Time stamp will be automatically updated when this component is generated.
Info: qsys-generate succeeded.
Info: Finished: Create block symbol file (.bsf)
Info: 
Info: Starting: Create HDL design files for synthesis
Info: qsys-generate /home/daniel/Desktop/fpgaMotorControl/HPS_CONTROL_FPGA_LED/soc_system.qsys --synthesis=VERILOG --output-directory=/home/daniel/Desktop/fpgaMotorControl/HPS_CONTROL_FPGA_LED/soc_system/synthesis --family="Cyclone V" --part=5CSEMA4U23C6
Progress: Loading HPS_CONTROL_FPGA_LED/soc_system.qsys
Progress: Reading input file
Progress: Adding adc_0 [altera_up_avalon_adc 17.0]
Progress: Parameterizing module adc_0
Progress: Adding button_pio [altera_avalon_pio 17.0]
Progress: Parameterizing module button_pio
Progress: Adding clk_0 [clock_source 17.0]
Progress: Parameterizing module clk_0
Progress: Adding dipsw_pio [altera_avalon_pio 17.0]
Progress: Parameterizing module dipsw_pio
Progress: Adding e_stop [altera_avalon_pio 17.0]
Progress: Parameterizing module e_stop
Progress: Adding fpga_only_master [altera_jtag_avalon_master 17.0]
Progress: Parameterizing module fpga_only_master
Progress: Adding gpio_pio_0 [altera_avalon_pio 17.0]
Progress: Parameterizing module gpio_pio_0
Progress: Adding gpio_pio_1 [altera_avalon_pio 17.0]
Progress: Parameterizing module gpio_pio_1
Progress: Adding heartbeat [altera_avalon_pio 17.0]
Progress: Parameterizing module heartbeat
Progress: Adding hps_0 [altera_hps 17.0]
Progress: Parameterizing module hps_0
Progress: Adding hps_only_master [altera_jtag_avalon_master 17.0]
Progress: Parameterizing module hps_only_master
Progress: Adding intr_capturer_0 [intr_capturer 100.99.98.97]
Progress: Parameterizing module intr_capturer_0
Progress: Adding jtag_uart [altera_avalon_jtag_uart 17.0]
Progress: Parameterizing module jtag_uart
Progress: Adding led_pio [altera_avalon_pio 17.0]
Progress: Parameterizing module led_pio
Progress: Adding limit_pio [altera_avalon_pio 17.0]
Progress: Parameterizing module limit_pio
Progress: Adding onchip_memory2_0 [altera_avalon_onchip_memory2 17.0]
Progress: Parameterizing module onchip_memory2_0
Progress: Adding pid_correction_pio_0 [altera_avalon_pio 17.0]
Progress: Parameterizing module pid_correction_pio_0
Progress: Adding pid_correction_pio_1 [altera_avalon_pio 17.0]
Progress: Parameterizing module pid_correction_pio_1
Progress: Adding pid_correction_pio_2 [altera_avalon_pio 17.0]
Progress: Parameterizing module pid_correction_pio_2
Progress: Adding pid_correction_pio_3 [altera_avalon_pio 17.0]
Progress: Parameterizing module pid_correction_pio_3
Progress: Adding pid_correction_pio_4 [altera_avalon_pio 17.0]
Progress: Parameterizing module pid_correction_pio_4
Progress: Adding pid_correction_pio_5 [altera_avalon_pio 17.0]
Progress: Parameterizing module pid_correction_pio_5
Progress: Adding pid_correction_pio_6 [altera_avalon_pio 17.0]
Progress: Parameterizing module pid_correction_pio_6
Progress: Adding pid_correction_pio_7 [altera_avalon_pio 17.0]
Progress: Parameterizing module pid_correction_pio_7
Progress: Adding pid_error_pio_0 [altera_avalon_pio 17.0]
Progress: Parameterizing module pid_error_pio_0
Progress: Adding pid_error_pio_1 [altera_avalon_pio 17.0]
Progress: Parameterizing module pid_error_pio_1
Progress: Adding pid_error_pio_2 [altera_avalon_pio 17.0]
Progress: Parameterizing module pid_error_pio_2
Progress: Adding pid_error_pio_3 [altera_avalon_pio 17.0]
Progress: Parameterizing module pid_error_pio_3
Progress: Adding pid_error_pio_4 [altera_avalon_pio 17.0]
Progress: Parameterizing module pid_error_pio_4
Progress: Adding pid_error_pio_5 [altera_avalon_pio 17.0]
Progress: Parameterizing module pid_error_pio_5
Progress: Adding pid_error_pio_6 [altera_avalon_pio 17.0]
Progress: Parameterizing module pid_error_pio_6
Progress: Adding pid_error_pio_7 [altera_avalon_pio 17.0]
Progress: Parameterizing module pid_error_pio_7
Progress: Adding pid_values_pio [altera_avalon_pio 17.0]
Progress: Parameterizing module pid_values_pio
Progress: Adding pwm_pio_0 [altera_avalon_pio 17.0]
Progress: Parameterizing module pwm_pio_0
Progress: Adding pwm_pio_1 [altera_avalon_pio 17.0]
Progress: Parameterizing module pwm_pio_1
Progress: Adding pwm_pio_2 [altera_avalon_pio 17.0]
Progress: Parameterizing module pwm_pio_2
Progress: Adding pwm_pio_3 [altera_avalon_pio 17.0]
Progress: Parameterizing module pwm_pio_3
Progress: Adding pwm_pio_4 [altera_avalon_pio 17.0]
Progress: Parameterizing module pwm_pio_4
Progress: Adding pwm_pio_5 [altera_avalon_pio 17.0]
Progress: Parameterizing module pwm_pio_5
Progress: Adding pwm_pio_6 [altera_avalon_pio 17.0]
Progress: Parameterizing module pwm_pio_6
Progress: Adding pwm_pio_7 [altera_avalon_pio 17.0]
Progress: Parameterizing module pwm_pio_7
Progress: Adding quad_pio_0 [altera_avalon_pio 17.0]
Progress: Parameterizing module quad_pio_0
Progress: Adding quad_pio_1 [altera_avalon_pio 17.0]
Progress: Parameterizing module quad_pio_1
Progress: Adding quad_pio_10 [altera_avalon_pio 17.0]
Progress: Parameterizing module quad_pio_10
Progress: Adding quad_pio_11 [altera_avalon_pio 17.0]
Progress: Parameterizing module quad_pio_11
Progress: Adding quad_pio_2 [altera_avalon_pio 17.0]
Progress: Parameterizing module quad_pio_2
Progress: Adding quad_pio_3 [altera_avalon_pio 17.0]
Progress: Parameterizing module quad_pio_3
Progress: Adding quad_pio_4 [altera_avalon_pio 17.0]
Progress: Parameterizing module quad_pio_4
Progress: Adding quad_pio_5 [altera_avalon_pio 17.0]
Progress: Parameterizing module quad_pio_5
Progress: Adding quad_pio_6 [altera_avalon_pio 17.0]
Progress: Parameterizing module quad_pio_6
Progress: Adding quad_pio_7 [altera_avalon_pio 17.0]
Progress: Parameterizing module quad_pio_7
Progress: Adding quad_pio_8 [altera_avalon_pio 17.0]
Progress: Parameterizing module quad_pio_8
Progress: Adding quad_pio_9 [altera_avalon_pio 17.0]
Progress: Parameterizing module quad_pio_9
Progress: Adding quad_reset_pio [altera_avalon_pio 17.0]
Progress: Parameterizing module quad_reset_pio
Progress: Adding sysid_qsys [altera_avalon_sysid_qsys 17.0]
Progress: Parameterizing module sysid_qsys
Progress: Building connections
Progress: Parameterizing connections
Progress: Validating
Progress: Done reading input file
Info: soc_system.button_pio: PIO inputs are not hardwired in test bench. Undefined values will be read from PIO inputs during simulation.
Info: soc_system.dipsw_pio: PIO inputs are not hardwired in test bench. Undefined values will be read from PIO inputs during simulation.
Info: soc_system.e_stop: PIO inputs are not hardwired in test bench. Undefined values will be read from PIO inputs during simulation.
Info: soc_system.hps_0: HPS Main PLL counter settings: n = 0  m = 73
Info: soc_system.hps_0: HPS peripherial PLL counter settings: n = 0  m = 39
Warning: soc_system.hps_0: "Configuration/HPS-to-FPGA user 0 clock frequency" (desired_cfg_clk_mhz) requested 100.0 MHz, but only achieved 97.368421 MHz
Warning: soc_system.hps_0: 1 or more output clock frequencies cannot be achieved precisely, consider revising desired output clock frequencies.
Info: soc_system.jtag_uart: JTAG UART IP input clock need to be at least double (2x) the operating frequency of JTAG TCK on board
Info: soc_system.limit_pio: PIO inputs are not hardwired in test bench. Undefined values will be read from PIO inputs during simulation.
Info: soc_system.pid_correction_pio_0: PIO inputs are not hardwired in test bench. Undefined values will be read from PIO inputs during simulation.
Info: soc_system.pid_correction_pio_1: PIO inputs are not hardwired in test bench. Undefined values will be read from PIO inputs during simulation.
Info: soc_system.pid_correction_pio_2: PIO inputs are not hardwired in test bench. Undefined values will be read from PIO inputs during simulation.
Info: soc_system.pid_correction_pio_3: PIO inputs are not hardwired in test bench. Undefined values will be read from PIO inputs during simulation.
Info: soc_system.pid_correction_pio_4: PIO inputs are not hardwired in test bench. Undefined values will be read from PIO inputs during simulation.
Info: soc_system.pid_correction_pio_5: PIO inputs are not hardwired in test bench. Undefined values will be read from PIO inputs during simulation.
Info: soc_system.pid_correction_pio_6: PIO inputs are not hardwired in test bench. Undefined values will be read from PIO inputs during simulation.
Info: soc_system.pid_correction_pio_7: PIO inputs are not hardwired in test bench. Undefined values will be read from PIO inputs during simulation.
Info: soc_system.quad_pio_0: PIO inputs are not hardwired in test bench. Undefined values will be read from PIO inputs during simulation.
Info: soc_system.quad_pio_1: PIO inputs are not hardwired in test bench. Undefined values will be read from PIO inputs during simulation.
Info: soc_system.quad_pio_10: PIO inputs are not hardwired in test bench. Undefined values will be read from PIO inputs during simulation.
Info: soc_system.quad_pio_11: PIO inputs are not hardwired in test bench. Undefined values will be read from PIO inputs during simulation.
Info: soc_system.quad_pio_2: PIO inputs are not hardwired in test bench. Undefined values will be read from PIO inputs during simulation.
Info: soc_system.quad_pio_3: PIO inputs are not hardwired in test bench. Undefined values will be read from PIO inputs during simulation.
Info: soc_system.quad_pio_4: PIO inputs are not hardwired in test bench. Undefined values will be read from PIO inputs during simulation.
Info: soc_system.quad_pio_5: PIO inputs are not hardwired in test bench. Undefined values will be read from PIO inputs during simulation.
Info: soc_system.quad_pio_6: PIO inputs are not hardwired in test bench. Undefined values will be read from PIO inputs during simulation.
Info: soc_system.quad_pio_7: PIO inputs are not hardwired in test bench. Undefined values will be read from PIO inputs during simulation.
Info: soc_system.quad_pio_8: PIO inputs are not hardwired in test bench. Undefined values will be read from PIO inputs during simulation.
Info: soc_system.quad_pio_9: PIO inputs are not hardwired in test bench. Undefined values will be read from PIO inputs during simulation.
Info: soc_system.sysid_qsys: System ID is not assigned automatically. Edit the System ID parameter to provide a unique ID
Info: soc_system.sysid_qsys: Time stamp will be automatically updated when this component is generated.
Info: soc_system: Generating soc_system "soc_system" for QUARTUS_SYNTH
Info: Interconnect is inserted between master hps_only_master.master and slave hps_0.f2h_axi_slave because the master is of type avalon and the slave is of type axi.
Warning: hps_0.f2h_irq0: Cannot connect clock for irq_mapper.sender
Warning: hps_0.f2h_irq0: Cannot connect reset for irq_mapper.sender
Warning: hps_0.f2h_irq1: Cannot connect clock for irq_mapper_001.sender
Warning: hps_0.f2h_irq1: Cannot connect reset for irq_mapper_001.sender
Info: adc_0: Starting Generation of ADC Controller for DE-series Board
Info: adc_0: /home/daniel/intelFPGA_lite/17.0/ip/altera/university_program/input_output/altera_up_avalon_adc/hdl/altera_up_avalon_adv_adc.v /tmp/alt7725_1069141376940941673.dir/0001_sopcgen/soc_system_adc_0.v
Info: adc_0: "soc_system" instantiated altera_up_avalon_adc "adc_0"
Info: button_pio: Starting RTL generation for module 'soc_system_button_pio'
Info: button_pio:   Generation command is [exec /home/daniel/intelFPGA_lite/17.0/quartus/linux64/perl/bin/perl -I /home/daniel/intelFPGA_lite/17.0/quartus/linux64/perl/lib -I /home/daniel/intelFPGA_lite/17.0/quartus/sopc_builder/bin/europa -I /home/daniel/intelFPGA_lite/17.0/quartus/sopc_builder/bin/perl_lib -I /home/daniel/intelFPGA_lite/17.0/quartus/sopc_builder/bin -I /home/daniel/intelFPGA_lite/17.0/quartus/../ip/altera/sopc_builder_ip/common -I /home/daniel/intelFPGA_lite/17.0/quartus/../ip/altera/sopc_builder_ip/altera_avalon_pio -- /home/daniel/intelFPGA_lite/17.0/quartus/../ip/altera/sopc_builder_ip/altera_avalon_pio/generate_rtl.pl --name=soc_system_button_pio --dir=/tmp/alt7725_1069141376940941673.dir/0004_button_pio_gen/ --quartus_dir=/home/daniel/intelFPGA_lite/17.0/quartus --verilog --config=/tmp/alt7725_1069141376940941673.dir/0004_button_pio_gen//soc_system_button_pio_component_configuration.pl  --do_build_sim=0  ]
Info: button_pio: Done RTL generation for module 'soc_system_button_pio'
Info: button_pio: "soc_system" instantiated altera_avalon_pio "button_pio"
Info: dipsw_pio: Starting RTL generation for module 'soc_system_dipsw_pio'
Info: dipsw_pio:   Generation command is [exec /home/daniel/intelFPGA_lite/17.0/quartus/linux64/perl/bin/perl -I /home/daniel/intelFPGA_lite/17.0/quartus/linux64/perl/lib -I /home/daniel/intelFPGA_lite/17.0/quartus/sopc_builder/bin/europa -I /home/daniel/intelFPGA_lite/17.0/quartus/sopc_builder/bin/perl_lib -I /home/daniel/intelFPGA_lite/17.0/quartus/sopc_builder/bin -I /home/daniel/intelFPGA_lite/17.0/quartus/../ip/altera/sopc_builder_ip/common -I /home/daniel/intelFPGA_lite/17.0/quartus/../ip/altera/sopc_builder_ip/altera_avalon_pio -- /home/daniel/intelFPGA_lite/17.0/quartus/../ip/altera/sopc_builder_ip/altera_avalon_pio/generate_rtl.pl --name=soc_system_dipsw_pio --dir=/tmp/alt7725_1069141376940941673.dir/0005_dipsw_pio_gen/ --quartus_dir=/home/daniel/intelFPGA_lite/17.0/quartus --verilog --config=/tmp/alt7725_1069141376940941673.dir/0005_dipsw_pio_gen//soc_system_dipsw_pio_component_configuration.pl  --do_build_sim=0  ]
Info: dipsw_pio: Done RTL generation for module 'soc_system_dipsw_pio'
Info: dipsw_pio: "soc_system" instantiated altera_avalon_pio "dipsw_pio"
Info: e_stop: Starting RTL generation for module 'soc_system_e_stop'
Info: e_stop:   Generation command is [exec /home/daniel/intelFPGA_lite/17.0/quartus/linux64/perl/bin/perl -I /home/daniel/intelFPGA_lite/17.0/quartus/linux64/perl/lib -I /home/daniel/intelFPGA_lite/17.0/quartus/sopc_builder/bin/europa -I /home/daniel/intelFPGA_lite/17.0/quartus/sopc_builder/bin/perl_lib -I /home/daniel/intelFPGA_lite/17.0/quartus/sopc_builder/bin -I /home/daniel/intelFPGA_lite/17.0/quartus/../ip/altera/sopc_builder_ip/common -I /home/daniel/intelFPGA_lite/17.0/quartus/../ip/altera/sopc_builder_ip/altera_avalon_pio -- /home/daniel/intelFPGA_lite/17.0/quartus/../ip/altera/sopc_builder_ip/altera_avalon_pio/generate_rtl.pl --name=soc_system_e_stop --dir=/tmp/alt7725_1069141376940941673.dir/0006_e_stop_gen/ --quartus_dir=/home/daniel/intelFPGA_lite/17.0/quartus --verilog --config=/tmp/alt7725_1069141376940941673.dir/0006_e_stop_gen//soc_system_e_stop_component_configuration.pl  --do_build_sim=0  ]
Info: e_stop: Done RTL generation for module 'soc_system_e_stop'
Info: e_stop: "soc_system" instantiated altera_avalon_pio "e_stop"
Info: fpga_only_master: "soc_system" instantiated altera_jtag_avalon_master "fpga_only_master"
Info: gpio_pio_0: Starting RTL generation for module 'soc_system_gpio_pio_0'
Info: gpio_pio_0:   Generation command is [exec /home/daniel/intelFPGA_lite/17.0/quartus/linux64/perl/bin/perl -I /home/daniel/intelFPGA_lite/17.0/quartus/linux64/perl/lib -I /home/daniel/intelFPGA_lite/17.0/quartus/sopc_builder/bin/europa -I /home/daniel/intelFPGA_lite/17.0/quartus/sopc_builder/bin/perl_lib -I /home/daniel/intelFPGA_lite/17.0/quartus/sopc_builder/bin -I /home/daniel/intelFPGA_lite/17.0/quartus/../ip/altera/sopc_builder_ip/common -I /home/daniel/intelFPGA_lite/17.0/quartus/../ip/altera/sopc_builder_ip/altera_avalon_pio -- /home/daniel/intelFPGA_lite/17.0/quartus/../ip/altera/sopc_builder_ip/altera_avalon_pio/generate_rtl.pl --name=soc_system_gpio_pio_0 --dir=/tmp/alt7725_1069141376940941673.dir/0007_gpio_pio_0_gen/ --quartus_dir=/home/daniel/intelFPGA_lite/17.0/quartus --verilog --config=/tmp/alt7725_1069141376940941673.dir/0007_gpio_pio_0_gen//soc_system_gpio_pio_0_component_configuration.pl  --do_build_sim=0  ]
Info: gpio_pio_0: Done RTL generation for module 'soc_system_gpio_pio_0'
Info: gpio_pio_0: "soc_system" instantiated altera_avalon_pio "gpio_pio_0"
Info: heartbeat: Starting RTL generation for module 'soc_system_heartbeat'
Info: heartbeat:   Generation command is [exec /home/daniel/intelFPGA_lite/17.0/quartus/linux64/perl/bin/perl -I /home/daniel/intelFPGA_lite/17.0/quartus/linux64/perl/lib -I /home/daniel/intelFPGA_lite/17.0/quartus/sopc_builder/bin/europa -I /home/daniel/intelFPGA_lite/17.0/quartus/sopc_builder/bin/perl_lib -I /home/daniel/intelFPGA_lite/17.0/quartus/sopc_builder/bin -I /home/daniel/intelFPGA_lite/17.0/quartus/../ip/altera/sopc_builder_ip/common -I /home/daniel/intelFPGA_lite/17.0/quartus/../ip/altera/sopc_builder_ip/altera_avalon_pio -- /home/daniel/intelFPGA_lite/17.0/quartus/../ip/altera/sopc_builder_ip/altera_avalon_pio/generate_rtl.pl --name=soc_system_heartbeat --dir=/tmp/alt7725_1069141376940941673.dir/0008_heartbeat_gen/ --quartus_dir=/home/daniel/intelFPGA_lite/17.0/quartus --verilog --config=/tmp/alt7725_1069141376940941673.dir/0008_heartbeat_gen//soc_system_heartbeat_component_configuration.pl  --do_build_sim=0  ]
Info: heartbeat: Done RTL generation for module 'soc_system_heartbeat'
Info: heartbeat: "soc_system" instantiated altera_avalon_pio "heartbeat"
Info: hps_0: "Running  for module: hps_0"
Info: hps_0: HPS Main PLL counter settings: n = 0  m = 73
Info: hps_0: HPS peripherial PLL counter settings: n = 0  m = 39
Warning: hps_0: "Configuration/HPS-to-FPGA user 0 clock frequency" (desired_cfg_clk_mhz) requested 100.0 MHz, but only achieved 97.368421 MHz
Warning: hps_0: 1 or more output clock frequencies cannot be achieved precisely, consider revising desired output clock frequencies.
Info: hps_0: "soc_system" instantiated altera_hps "hps_0"
Info: intr_capturer_0: "soc_system" instantiated intr_capturer "intr_capturer_0"
Info: jtag_uart: Starting RTL generation for module 'soc_system_jtag_uart'
Info: jtag_uart:   Generation command is [exec /home/daniel/intelFPGA_lite/17.0/quartus/linux64/perl/bin/perl -I /home/daniel/intelFPGA_lite/17.0/quartus/linux64/perl/lib -I /home/daniel/intelFPGA_lite/17.0/quartus/sopc_builder/bin/europa -I /home/daniel/intelFPGA_lite/17.0/quartus/sopc_builder/bin/perl_lib -I /home/daniel/intelFPGA_lite/17.0/quartus/sopc_builder/bin -I /home/daniel/intelFPGA_lite/17.0/quartus/../ip/altera/sopc_builder_ip/common -I /home/daniel/intelFPGA_lite/17.0/quartus/../ip/altera/sopc_builder_ip/altera_avalon_jtag_uart -- /home/daniel/intelFPGA_lite/17.0/quartus/../ip/altera/sopc_builder_ip/altera_avalon_jtag_uart/generate_rtl.pl --name=soc_system_jtag_uart --dir=/tmp/alt7725_1069141376940941673.dir/0010_jtag_uart_gen/ --quartus_dir=/home/daniel/intelFPGA_lite/17.0/quartus --verilog --config=/tmp/alt7725_1069141376940941673.dir/0010_jtag_uart_gen//soc_system_jtag_uart_component_configuration.pl  --do_build_sim=0  ]
Info: jtag_uart: Done RTL generation for module 'soc_system_jtag_uart'
Info: jtag_uart: "soc_system" instantiated altera_avalon_jtag_uart "jtag_uart"
Info: limit_pio: Starting RTL generation for module 'soc_system_limit_pio'
Info: limit_pio:   Generation command is [exec /home/daniel/intelFPGA_lite/17.0/quartus/linux64/perl/bin/perl -I /home/daniel/intelFPGA_lite/17.0/quartus/linux64/perl/lib -I /home/daniel/intelFPGA_lite/17.0/quartus/sopc_builder/bin/europa -I /home/daniel/intelFPGA_lite/17.0/quartus/sopc_builder/bin/perl_lib -I /home/daniel/intelFPGA_lite/17.0/quartus/sopc_builder/bin -I /home/daniel/intelFPGA_lite/17.0/quartus/../ip/altera/sopc_builder_ip/common -I /home/daniel/intelFPGA_lite/17.0/quartus/../ip/altera/sopc_builder_ip/altera_avalon_pio -- /home/daniel/intelFPGA_lite/17.0/quartus/../ip/altera/sopc_builder_ip/altera_avalon_pio/generate_rtl.pl --name=soc_system_limit_pio --dir=/tmp/alt7725_1069141376940941673.dir/0011_limit_pio_gen/ --quartus_dir=/home/daniel/intelFPGA_lite/17.0/quartus --verilog --config=/tmp/alt7725_1069141376940941673.dir/0011_limit_pio_gen//soc_system_limit_pio_component_configuration.pl  --do_build_sim=0  ]
Info: limit_pio: Done RTL generation for module 'soc_system_limit_pio'
Info: limit_pio: "soc_system" instantiated altera_avalon_pio "limit_pio"
Info: onchip_memory2_0: Starting RTL generation for module 'soc_system_onchip_memory2_0'
Info: onchip_memory2_0:   Generation command is [exec /home/daniel/intelFPGA_lite/17.0/quartus/linux64/perl/bin/perl -I /home/daniel/intelFPGA_lite/17.0/quartus/linux64/perl/lib -I /home/daniel/intelFPGA_lite/17.0/quartus/sopc_builder/bin/europa -I /home/daniel/intelFPGA_lite/17.0/quartus/sopc_builder/bin/perl_lib -I /home/daniel/intelFPGA_lite/17.0/quartus/sopc_builder/bin -I /home/daniel/intelFPGA_lite/17.0/quartus/../ip/altera/sopc_builder_ip/common -I /home/daniel/intelFPGA_lite/17.0/quartus/../ip/altera/sopc_builder_ip/altera_avalon_onchip_memory2 -- /home/daniel/intelFPGA_lite/17.0/quartus/../ip/altera/sopc_builder_ip/altera_avalon_onchip_memory2/generate_rtl.pl --name=soc_system_onchip_memory2_0 --dir=/tmp/alt7725_1069141376940941673.dir/0012_onchip_memory2_0_gen/ --quartus_dir=/home/daniel/intelFPGA_lite/17.0/quartus --verilog --config=/tmp/alt7725_1069141376940941673.dir/0012_onchip_memory2_0_gen//soc_system_onchip_memory2_0_component_configuration.pl  --do_build_sim=0  ]
Info: onchip_memory2_0: Done RTL generation for module 'soc_system_onchip_memory2_0'
Info: onchip_memory2_0: "soc_system" instantiated altera_avalon_onchip_memory2 "onchip_memory2_0"
Info: pid_correction_pio_0: Starting RTL generation for module 'soc_system_pid_correction_pio_0'
Info: pid_correction_pio_0:   Generation command is [exec /home/daniel/intelFPGA_lite/17.0/quartus/linux64/perl/bin/perl -I /home/daniel/intelFPGA_lite/17.0/quartus/linux64/perl/lib -I /home/daniel/intelFPGA_lite/17.0/quartus/sopc_builder/bin/europa -I /home/daniel/intelFPGA_lite/17.0/quartus/sopc_builder/bin/perl_lib -I /home/daniel/intelFPGA_lite/17.0/quartus/sopc_builder/bin -I /home/daniel/intelFPGA_lite/17.0/quartus/../ip/altera/sopc_builder_ip/common -I /home/daniel/intelFPGA_lite/17.0/quartus/../ip/altera/sopc_builder_ip/altera_avalon_pio -- /home/daniel/intelFPGA_lite/17.0/quartus/../ip/altera/sopc_builder_ip/altera_avalon_pio/generate_rtl.pl --name=soc_system_pid_correction_pio_0 --dir=/tmp/alt7725_1069141376940941673.dir/0013_pid_correction_pio_0_gen/ --quartus_dir=/home/daniel/intelFPGA_lite/17.0/quartus --verilog --config=/tmp/alt7725_1069141376940941673.dir/0013_pid_correction_pio_0_gen//soc_system_pid_correction_pio_0_component_configuration.pl  --do_build_sim=0  ]
Info: pid_correction_pio_0: Done RTL generation for module 'soc_system_pid_correction_pio_0'
Info: pid_correction_pio_0: "soc_system" instantiated altera_avalon_pio "pid_correction_pio_0"
Info: sysid_qsys: "soc_system" instantiated altera_avalon_sysid_qsys "sysid_qsys"
Info: avalon_st_adapter: Inserting error_adapter: error_adapter_0
Info: avalon_st_adapter_001: Inserting error_adapter: error_adapter_0
Info: avalon_st_adapter_002: Inserting error_adapter: error_adapter_0
Info: avalon_st_adapter_003: Inserting error_adapter: error_adapter_0
Info: avalon_st_adapter_004: Inserting error_adapter: error_adapter_0
Info: avalon_st_adapter_005: Inserting error_adapter: error_adapter_0
Info: avalon_st_adapter_006: Inserting error_adapter: error_adapter_0
Info: avalon_st_adapter_007: Inserting error_adapter: error_adapter_0
Info: avalon_st_adapter_008: Inserting error_adapter: error_adapter_0
Info: avalon_st_adapter_009: Inserting error_adapter: error_adapter_0
Info: avalon_st_adapter_010: Inserting error_adapter: error_adapter_0
Info: avalon_st_adapter_011: Inserting error_adapter: error_adapter_0
Info: avalon_st_adapter_012: Inserting error_adapter: error_adapter_0
Info: avalon_st_adapter_013: Inserting error_adapter: error_adapter_0
Info: avalon_st_adapter_014: Inserting error_adapter: error_adapter_0
Info: avalon_st_adapter_015: Inserting error_adapter: error_adapter_0
Info: avalon_st_adapter_016: Inserting error_adapter: error_adapter_0
Info: avalon_st_adapter_017: Inserting error_adapter: error_adapter_0
Info: avalon_st_adapter_018: Inserting error_adapter: error_adapter_0
Info: avalon_st_adapter_019: Inserting error_adapter: error_adapter_0
Info: avalon_st_adapter_020: Inserting error_adapter: error_adapter_0
Info: avalon_st_adapter_021: Inserting error_adapter: error_adapter_0
Info: avalon_st_adapter_022: Inserting error_adapter: error_adapter_0
Info: avalon_st_adapter_023: Inserting error_adapter: error_adapter_0
Info: avalon_st_adapter_024: Inserting error_adapter: error_adapter_0
Info: avalon_st_adapter_025: Inserting error_adapter: error_adapter_0
Info: avalon_st_adapter_026: Inserting error_adapter: error_adapter_0
Info: avalon_st_adapter_027: Inserting error_adapter: error_adapter_0
Info: avalon_st_adapter_028: Inserting error_adapter: error_adapter_0
Info: avalon_st_adapter_029: Inserting error_adapter: error_adapter_0
Info: avalon_st_adapter_030: Inserting error_adapter: error_adapter_0
Info: avalon_st_adapter_031: Inserting error_adapter: error_adapter_0
Info: avalon_st_adapter_032: Inserting error_adapter: error_adapter_0
Info: avalon_st_adapter_033: Inserting error_adapter: error_adapter_0
Info: avalon_st_adapter_034: Inserting error_adapter: error_adapter_0
Info: avalon_st_adapter_035: Inserting error_adapter: error_adapter_0
Info: avalon_st_adapter_036: Inserting error_adapter: error_adapter_0
Info: avalon_st_adapter_037: Inserting error_adapter: error_adapter_0
Info: avalon_st_adapter_038: Inserting error_adapter: error_adapter_0
Info: avalon_st_adapter_039: Inserting error_adapter: error_adapter_0
Info: avalon_st_adapter_040: Inserting error_adapter: error_adapter_0
Info: avalon_st_adapter_041: Inserting error_adapter: error_adapter_0
Info: avalon_st_adapter_042: Inserting error_adapter: error_adapter_0
Info: avalon_st_adapter_043: Inserting error_adapter: error_adapter_0
Info: avalon_st_adapter_044: Inserting error_adapter: error_adapter_0
Info: avalon_st_adapter_045: Inserting error_adapter: error_adapter_0
Info: avalon_st_adapter_046: Inserting error_adapter: error_adapter_0
Info: avalon_st_adapter_047: Inserting error_adapter: error_adapter_0
Info: avalon_st_adapter_048: Inserting error_adapter: error_adapter_0
Info: avalon_st_adapter_049: Inserting error_adapter: error_adapter_0
Info: avalon_st_adapter_050: Inserting error_adapter: error_adapter_0
Info: mm_interconnect_0: "soc_system" instantiated altera_mm_interconnect "mm_interconnect_0"
Info: mm_interconnect_1: "soc_system" instantiated altera_mm_interconnect "mm_interconnect_1"
Info: irq_mapper: "soc_system" instantiated altera_irq_mapper "irq_mapper"
Info: irq_mapper_001: "soc_system" instantiated altera_irq_mapper "irq_mapper_001"
Info: rst_controller: "soc_system" instantiated altera_reset_controller "rst_controller"
Info: jtag_phy_embedded_in_jtag_master: "fpga_only_master" instantiated altera_jtag_dc_streaming "jtag_phy_embedded_in_jtag_master"
Info: timing_adt: "fpga_only_master" instantiated timing_adapter "timing_adt"
Info: fifo: "fpga_only_master" instantiated altera_avalon_sc_fifo "fifo"
Info: b2p: "fpga_only_master" instantiated altera_avalon_st_bytes_to_packets "b2p"
Info: p2b: "fpga_only_master" instantiated altera_avalon_st_packets_to_bytes "p2b"
Info: transacto: "fpga_only_master" instantiated altera_avalon_packets_to_master "transacto"
Info: b2p_adapter: "fpga_only_master" instantiated channel_adapter "b2p_adapter"
Info: p2b_adapter: "fpga_only_master" instantiated channel_adapter "p2b_adapter"
Info: fpga_interfaces: "hps_0" instantiated altera_interface_generator "fpga_interfaces"
Info: hps_io: "hps_0" instantiated altera_hps_io "hps_io"
Info: fpga_only_master_master_translator: "mm_interconnect_0" instantiated altera_merlin_master_translator "fpga_only_master_master_translator"
Info: onchip_memory2_0_s1_translator: "mm_interconnect_0" instantiated altera_merlin_slave_translator "onchip_memory2_0_s1_translator"
Info: hps_0_h2f_axi_master_agent: "mm_interconnect_0" instantiated altera_merlin_axi_master_ni "hps_0_h2f_axi_master_agent"
Info: fpga_only_master_master_agent: "mm_interconnect_0" instantiated altera_merlin_master_agent "fpga_only_master_master_agent"
Info: onchip_memory2_0_s1_agent: "mm_interconnect_0" instantiated altera_merlin_slave_agent "onchip_memory2_0_s1_agent"
Info: router: "mm_interconnect_0" instantiated altera_merlin_router "router"
Info: router_002: "mm_interconnect_0" instantiated altera_merlin_router "router_002"
Info: router_003: "mm_interconnect_0" instantiated altera_merlin_router "router_003"
Info: router_005: "mm_interconnect_0" instantiated altera_merlin_router "router_005"
Info: router_006: "mm_interconnect_0" instantiated altera_merlin_router "router_006"
Info: router_008: "mm_interconnect_0" instantiated altera_merlin_router "router_008"
Info: fpga_only_master_master_limiter: "mm_interconnect_0" instantiated altera_merlin_traffic_limiter "fpga_only_master_master_limiter"
Info: Reusing file /home/daniel/Desktop/fpgaMotorControl/HPS_CONTROL_FPGA_LED/soc_system/synthesis/submodules/altera_avalon_sc_fifo.v
Info: Reusing file /home/daniel/Desktop/fpgaMotorControl/HPS_CONTROL_FPGA_LED/soc_system/synthesis/submodules/altera_avalon_st_pipeline_base.v
Info: onchip_memory2_0_s1_burst_adapter: "mm_interconnect_0" instantiated altera_merlin_burst_adapter "onchip_memory2_0_s1_burst_adapter"
Info: Reusing file /home/daniel/Desktop/fpgaMotorControl/HPS_CONTROL_FPGA_LED/soc_system/synthesis/submodules/altera_merlin_address_alignment.sv
Info: Reusing file /home/daniel/Desktop/fpgaMotorControl/HPS_CONTROL_FPGA_LED/soc_system/synthesis/submodules/altera_avalon_st_pipeline_stage.sv
Info: Reusing file /home/daniel/Desktop/fpgaMotorControl/HPS_CONTROL_FPGA_LED/soc_system/synthesis/submodules/altera_avalon_st_pipeline_base.v
Info: cmd_demux: "mm_interconnect_0" instantiated altera_merlin_demultiplexer "cmd_demux"
Info: cmd_demux_002: "mm_interconnect_0" instantiated altera_merlin_demultiplexer "cmd_demux_002"
Info: cmd_demux_003: "mm_interconnect_0" instantiated altera_merlin_demultiplexer "cmd_demux_003"
Info: cmd_mux: "mm_interconnect_0" instantiated altera_merlin_multiplexer "cmd_mux"
Info: cmd_mux_001: "mm_interconnect_0" instantiated altera_merlin_multiplexer "cmd_mux_001"
Info: Reusing file /home/daniel/Desktop/fpgaMotorControl/HPS_CONTROL_FPGA_LED/soc_system/synthesis/submodules/altera_merlin_arbitrator.sv
Info: cmd_mux_003: "mm_interconnect_0" instantiated altera_merlin_multiplexer "cmd_mux_003"
Info: Reusing file /home/daniel/Desktop/fpgaMotorControl/HPS_CONTROL_FPGA_LED/soc_system/synthesis/submodules/altera_merlin_arbitrator.sv
Info: rsp_demux: "mm_interconnect_0" instantiated altera_merlin_demultiplexer "rsp_demux"
Info: rsp_demux_001: "mm_interconnect_0" instantiated altera_merlin_demultiplexer "rsp_demux_001"
Info: rsp_demux_003: "mm_interconnect_0" instantiated altera_merlin_demultiplexer "rsp_demux_003"
Info: rsp_mux: "mm_interconnect_0" instantiated altera_merlin_multiplexer "rsp_mux"
Info: Reusing file /home/daniel/Desktop/fpgaMotorControl/HPS_CONTROL_FPGA_LED/soc_system/synthesis/submodules/altera_merlin_arbitrator.sv
Info: rsp_mux_002: "mm_interconnect_0" instantiated altera_merlin_multiplexer "rsp_mux_002"
Info: Reusing file /home/daniel/Desktop/fpgaMotorControl/HPS_CONTROL_FPGA_LED/soc_system/synthesis/submodules/altera_merlin_arbitrator.sv
Info: rsp_mux_003: "mm_interconnect_0" instantiated altera_merlin_multiplexer "rsp_mux_003"
Info: Reusing file /home/daniel/Desktop/fpgaMotorControl/HPS_CONTROL_FPGA_LED/soc_system/synthesis/submodules/altera_merlin_arbitrator.sv
Info: fpga_only_master_master_to_onchip_memory2_0_s1_cmd_width_adapter: "mm_interconnect_0" instantiated altera_merlin_width_adapter "fpga_only_master_master_to_onchip_memory2_0_s1_cmd_width_adapter"
Info: Reusing file /home/daniel/Desktop/fpgaMotorControl/HPS_CONTROL_FPGA_LED/soc_system/synthesis/submodules/altera_merlin_address_alignment.sv
Info: Reusing file /home/daniel/Desktop/fpgaMotorControl/HPS_CONTROL_FPGA_LED/soc_system/synthesis/submodules/altera_merlin_burst_uncompressor.sv
Info: avalon_st_adapter: "mm_interconnect_0" instantiated altera_avalon_st_adapter "avalon_st_adapter"
Info: avalon_st_adapter_001: "mm_interconnect_0" instantiated altera_avalon_st_adapter "avalon_st_adapter_001"
Info: hps_0_f2h_axi_slave_agent: "mm_interconnect_1" instantiated altera_merlin_axi_slave_ni "hps_0_f2h_axi_slave_agent"
Info: Reusing file /home/daniel/Desktop/fpgaMotorControl/HPS_CONTROL_FPGA_LED/soc_system/synthesis/submodules/altera_merlin_burst_uncompressor.sv
Info: Reusing file /home/daniel/Desktop/fpgaMotorControl/HPS_CONTROL_FPGA_LED/soc_system/synthesis/submodules/altera_avalon_sc_fifo.v
Info: Reusing file /home/daniel/Desktop/fpgaMotorControl/HPS_CONTROL_FPGA_LED/soc_system/synthesis/submodules/altera_merlin_address_alignment.sv
Info: router: "mm_interconnect_1" instantiated altera_merlin_router "router"
Info: router_001: "mm_interconnect_1" instantiated altera_merlin_router "router_001"
Info: cmd_demux: "mm_interconnect_1" instantiated altera_merlin_demultiplexer "cmd_demux"
Info: cmd_mux: "mm_interconnect_1" instantiated altera_merlin_multiplexer "cmd_mux"
Info: Reusing file /home/daniel/Desktop/fpgaMotorControl/HPS_CONTROL_FPGA_LED/soc_system/synthesis/submodules/altera_merlin_arbitrator.sv
Info: rsp_demux: "mm_interconnect_1" instantiated altera_merlin_demultiplexer "rsp_demux"
Info: rsp_mux: "mm_interconnect_1" instantiated altera_merlin_multiplexer "rsp_mux"
Info: Reusing file /home/daniel/Desktop/fpgaMotorControl/HPS_CONTROL_FPGA_LED/soc_system/synthesis/submodules/altera_merlin_arbitrator.sv
Info: border: "hps_io" instantiated altera_interface_generator "border"
Info: error_adapter_0: "avalon_st_adapter" instantiated error_adapter "error_adapter_0"
Info: error_adapter_0: "avalon_st_adapter_001" instantiated error_adapter "error_adapter_0"
Info: soc_system: Done "soc_system" with 68 modules, 135 files
Info: qsys-generate succeeded.
Info: Finished: Create HDL design files for synthesis
